   ┌─ thesis ───────────┐  ┌─ discovery ────────────────────────────────┐                          ┌─ synthesis ────────────────────────────────┐
   │┌──────────────────┐│  │┌──────────────────┐    ┌──────────────────┐│                          │┌──────────────────┐    ┌──────────────────┐│
   ││indict            │───▸│discover          │───▸│defend            │──────────────┐            ││cmrr              │───▸│hearing           ││
   │└──────────────────┘│  │└──────────────────┘    └──────────────────┘│             │            │└──────────────────┘  │ └──────────────────┘│
   └──────────│─────────┘  └──────────────────────────────────│─────────┘             │            │                      │                  │  │
              │                                               │                       │            │┌──────────────────┐  │                  │  │
              │                                               │                       └────────────▸│verdict           │  └                  │  │
              │                                               │                                    │└──────────────────┘                     │  │
              │                                               │                                    └─────────────────│───────────────────────│──┘
              └╌╌╌╌╌╌╌╌╌╌╌╌╌╌╌╌╌╌╌╌╌╌╌╌╌╌╌╌╌╌╌╌╌╌╌╌╌╌╌╌╌╌╌╌╌╌╌└──────────────────────────────────────────────────────│────────────────▴      │
                                                                                                                     │                       │
                                                                                                                     │                       │
    ◀────────────────────────────────────────────────────────────────────────────────────────────────────────────────┘                       │
                                                                                                                                             │
                                                                                                    ◀────────────────────────────────────────┘


