   ┌─ thesis ───────────┐  ┌─ discovery ────────────────────────────────┐  ┌─ synthesis ────────────────────────────────┐
   │┌──────────────────┐│  │┌──────────────────┐    ┌──────────────────┐│  │┌──────────────────┐    ┌──────────────────┐│
   ││indict            │───▸│discover          │───▸│defend            │───▸│hearing           │───▸│cmrr              ││
   │└──────────────────┘│  │└──────────────────┘    └──────────────────┘│  │└──────────────────┘  │ └──────────────────┘│
   └──────────│─────────┘  └────────────────────────────────────────────┘  │          │           │                  │  │
              │                                                            │          │           │ ┌──────────────────┐│
              │                                                            │          └───────────└▸│verdict           ││
              │                                                            │                        └──────────────────┘│
              │                                                            └─────────────────────────────────────────│──┘
              └╌╌╌╌╌╌╌╌╌╌╌╌╌╌╌╌╌╌╌╌╌╌╌╌╌╌╌╌╌╌╌╌╌╌╌╌╌╌╌╌╌╌╌╌╌╌╌▴                                                      │
                                                                                                                     │
                                                                                                                     │
    ◀────────────────────────────────────────────────────────────────────────────────────────────────────────────────│
                                                                                                                     │
                                                                            ◀────────────────────────────────────────┘


