   ┌─ backcourt ────────────────────────────────────────────────────────┐  ┌─ frontcourt ───────────────────────────────┐  ┌─ paint ────────────────────────────────────────────────────────────┐
   │┌──────────────────┐                            ┌──────────────────┐│  │┌──────────────────┐    ┌──────────────────┐│  │┌──────────────────┐    ┌──────────────────┐    ┌──────────────────┐│
   ││recall            │                            │triage            │───▸│resolve           │───▸│investigate       │───▸│correlate         │───▸│review            │───▸│report            ││
   │└──────────────────┘                            └──────────────────┘│  │└──────────────────┘    └──────────────────┘│  │└──────────────────┘    └──────────────────┘    └──────────────────┘│
   └──│───────│───────────────────────────────────────│───────│─────────┘  └──────────────────────────────────│──────│──┘  └─────────────────────────────────────────│──────────────────────────┘
      └───────│───────────────────────────────────────└╌╌╌╌╌╌╌│╌╌╌╌╌╌╌╌╌╌╌╌╌╌╌╌╌╌╌╌╌╌╌╌╌╌╌╌╌╌╌╌╌╌╌╌╌╌╌╌╌╌╌╌╌╌╌└──────│────────────────────────────────▴              │
              │                                               │                                                      │                                               │
              │                                               └╌╌╌╌╌╌╌╌╌╌╌╌╌╌╌╌╌╌╌╌╌╌╌╌╌╌╌╌╌╌╌╌╌╌╌╌╌╌╌╌╌╌╌╌╌╌╌╌╌╌╌╌╌╌│╌╌╌╌╌╌╌╌╌╌╌╌╌╌╌╌╌╌╌╌╌╌╌╌╌╌╌╌╌╌╌╌╌╌╌╌╌▴         │
              │                                                                                                      │                                               │
              └╌╌╌╌╌╌╌╌╌╌╌╌╌╌╌╌╌╌╌╌╌╌╌╌╌╌╌╌╌╌╌╌╌╌╌╌╌╌╌╌╌╌╌╌╌╌╌╌╌╌╌╌╌╌╌╌╌╌╌╌╌╌╌╌╌╌╌╌╌╌╌╌╌╌╌╌╌╌╌╌╌╌╌╌╌╌╌╌╌╌╌╌╌╌╌╌╌╌╌╌╌╌│╌╌╌╌╌╌╌╌╌╌╌╌╌╌╌╌╌╌╌╌╌╌╌╌╌╌╌╌╌╌╌╌╌╌╌╌╌╌╌╌╌╌▴    │
                                                                                                                     │                                               │
                                                                                                                     │                                               │
                                                                            ◀────────────────────────────────────────┘                                               │
                                                                                                                                                                     │
                                                                            ◀────────────────────────────────────────────────────────────────────────────────────────┘


