   ┌─ coordination ────────┌─ research ─────────┐───────────────────────┐
   │┌──────────────────┐   │┌──────────────────┐│   ┌──────────────────┐│
   ││✦ plan            │──┐▸│✦ research_a      │──┌▸│✦ synthesize      ││
   │└──────────────────┘  ││└──────────────────┘│ │ └──────────────────┘│
   └──────────────────────││────────────────────│─│─────────────────────┘
                          ││┌──────────────────┐│ │
                          └▸│✦ research_b      │──┘
                           │└──────────────────┘│
                           └────────────────────┘
